// Jest Snapshot v1, https://goo.gl/fbAQLP

exports[`renders correctly 1`] = `
<View
  style={
    {
      "alignItems": "center",
      "flex": 1,
      "justifyContent": "center",
    }
  }
>
  <Text
    style={
      {
        "fontSize": 18,
      }
    }
  >
    0
  </Text>
  <View>
    <Text>
      sahil
    </Text>
  </View>
</View>
`;
